Archive member included to satisfy reference by file (symbol)

/home/student/eclipse-workspace/Tiva_C_LaunchPad/SW-EK-TM4C123GXL-2.1.4.178/driverlib/gcc/libdriver.a(gpio.o)
                              ./src/main.o (GPIOPinTypeUART)
/home/student/eclipse-workspace/Tiva_C_LaunchPad/SW-EK-TM4C123GXL-2.1.4.178/driverlib/gcc/libdriver.a(interrupt.o)
                              /home/student/eclipse-workspace/Tiva_C_LaunchPad/SW-EK-TM4C123GXL-2.1.4.178/driverlib/gcc/libdriver.a(gpio.o) (IntRegister)
/home/student/eclipse-workspace/Tiva_C_LaunchPad/SW-EK-TM4C123GXL-2.1.4.178/driverlib/gcc/libdriver.a(sysctl.o)
                              ./SW-EK-TM4C123GXL-2.1.4.178/utils/uartstdio.o (SysCtlPeripheralPresent)
/home/student/eclipse-workspace/Tiva_C_LaunchPad/SW-EK-TM4C123GXL-2.1.4.178/driverlib/gcc/libdriver.a(uart.o)
                              ./src/main.o (UARTEnable)
/home/student/eclipse-workspace/Tiva_C_LaunchPad/SW-EK-TM4C123GXL-2.1.4.178/driverlib/gcc/libdriver.a(cpu.o)
                              /home/student/eclipse-workspace/Tiva_C_LaunchPad/SW-EK-TM4C123GXL-2.1.4.178/driverlib/gcc/libdriver.a(interrupt.o) (CPUcpsid)
/usr/lib/gcc/arm-none-eabi/5.4.1/armv7e-m/fpu/libgcc.a(_arm_addsubdf3.o)
                              ./src/main.o (__aeabi_dsub)
/usr/lib/gcc/arm-none-eabi/5.4.1/armv7e-m/fpu/libgcc.a(_arm_muldivdf3.o)
                              ./src/main.o (__aeabi_dmul)
/usr/lib/gcc/arm-none-eabi/5.4.1/armv7e-m/fpu/libgcc.a(_arm_cmpdf2.o)
                              ./src/main.o (__aeabi_dcmpge)
/usr/lib/gcc/arm-none-eabi/5.4.1/armv7e-m/fpu/libgcc.a(_arm_fixdfsi.o)
                              ./src/main.o (__aeabi_d2iz)
/usr/lib/gcc/arm-none-eabi/5.4.1/armv7e-m/fpu/libgcc.a(_arm_truncdfsf2.o)
                              ./src/main.o (__aeabi_d2f)
/usr/lib/gcc/arm-none-eabi/5.4.1/../../../arm-none-eabi/lib/armv7e-m/fpu/libg.a(lib_a-atexit.o)
                              /usr/lib/gcc/arm-none-eabi/5.4.1/../../../arm-none-eabi/lib/armv7e-m/fpu/crt0.o (atexit)
/usr/lib/gcc/arm-none-eabi/5.4.1/../../../arm-none-eabi/lib/armv7e-m/fpu/libg.a(lib_a-exit.o)
                              /usr/lib/gcc/arm-none-eabi/5.4.1/../../../arm-none-eabi/lib/armv7e-m/fpu/crt0.o (exit)
/usr/lib/gcc/arm-none-eabi/5.4.1/../../../arm-none-eabi/lib/armv7e-m/fpu/libg.a(lib_a-fini.o)
                              /usr/lib/gcc/arm-none-eabi/5.4.1/../../../arm-none-eabi/lib/armv7e-m/fpu/crt0.o (__libc_fini_array)
/usr/lib/gcc/arm-none-eabi/5.4.1/../../../arm-none-eabi/lib/armv7e-m/fpu/libg.a(lib_a-impure.o)
                              /usr/lib/gcc/arm-none-eabi/5.4.1/../../../arm-none-eabi/lib/armv7e-m/fpu/libg.a(lib_a-exit.o) (_global_impure_ptr)
/usr/lib/gcc/arm-none-eabi/5.4.1/../../../arm-none-eabi/lib/armv7e-m/fpu/libg.a(lib_a-init.o)
                              /usr/lib/gcc/arm-none-eabi/5.4.1/../../../arm-none-eabi/lib/armv7e-m/fpu/crt0.o (__libc_init_array)
/usr/lib/gcc/arm-none-eabi/5.4.1/../../../arm-none-eabi/lib/armv7e-m/fpu/libg.a(lib_a-itoa.o)
                              ./src/main.o (itoa)
/usr/lib/gcc/arm-none-eabi/5.4.1/../../../arm-none-eabi/lib/armv7e-m/fpu/libg.a(lib_a-memset.o)
                              /usr/lib/gcc/arm-none-eabi/5.4.1/../../../arm-none-eabi/lib/armv7e-m/fpu/crt0.o (memset)
/usr/lib/gcc/arm-none-eabi/5.4.1/../../../arm-none-eabi/lib/armv7e-m/fpu/libg.a(lib_a-utoa.o)
                              /usr/lib/gcc/arm-none-eabi/5.4.1/../../../arm-none-eabi/lib/armv7e-m/fpu/libg.a(lib_a-itoa.o) (__utoa)
/usr/lib/gcc/arm-none-eabi/5.4.1/../../../arm-none-eabi/lib/armv7e-m/fpu/libg.a(lib_a-__atexit.o)
                              /usr/lib/gcc/arm-none-eabi/5.4.1/../../../arm-none-eabi/lib/armv7e-m/fpu/libg.a(lib_a-atexit.o) (__register_exitproc)
/usr/lib/gcc/arm-none-eabi/5.4.1/../../../arm-none-eabi/lib/armv7e-m/fpu/libg.a(lib_a-__call_atexit.o)
                              /usr/lib/gcc/arm-none-eabi/5.4.1/../../../arm-none-eabi/lib/armv7e-m/fpu/libg.a(lib_a-exit.o) (__call_exitprocs)

Allocating common symbols
Common symbol       size              file

krs50               0x4               ./src/main.o
c                   0xa               ./src/main.o
tl1                 0x4               ./src/main.o
krs25               0x4               ./src/main.o
delay               0x4               ./src/main.o

Discarded input sections

 .text          0x0000000000000000        0x0 /usr/lib/gcc/arm-none-eabi/5.4.1/armv7e-m/fpu/crti.o
 .data          0x0000000000000000        0x0 /usr/lib/gcc/arm-none-eabi/5.4.1/armv7e-m/fpu/crti.o
 .bss           0x0000000000000000        0x0 /usr/lib/gcc/arm-none-eabi/5.4.1/armv7e-m/fpu/crti.o
 .text          0x0000000000000000       0xa4 /usr/lib/gcc/arm-none-eabi/5.4.1/armv7e-m/fpu/crtbegin.o
 .data          0x0000000000000000        0x4 /usr/lib/gcc/arm-none-eabi/5.4.1/armv7e-m/fpu/crtbegin.o
 .bss           0x0000000000000000       0x1c /usr/lib/gcc/arm-none-eabi/5.4.1/armv7e-m/fpu/crtbegin.o
[...]
Memory Configuration

Name             Origin             Length             Attributes
FLASH            0x0000000000000000 0x0000000000040000 xr
SRAM             0x0000000020000000 0x0000000000008000 xrw
*default*        0x0000000000000000 0xffffffffffffffff

Linker script and memory map

LOAD /usr/lib/gcc/arm-none-eabi/5.4.1/armv7e-m/fpu/crti.o
LOAD /usr/lib/gcc/arm-none-eabi/5.4.1/armv7e-m/fpu/crtbegin.o
LOAD /usr/lib/gcc/arm-none-eabi/5.4.1/../../../arm-none-eabi/lib/armv7e-m/fpu/crt0.o
LOAD ./src/LCD1602.o
LOAD ./src/PLL80MHZ.o
LOAD ./src/SYSTICK.o
LOAD ./src/main.o
LOAD ./src/startup_gcc.o
LOAD ./SW-EK-TM4C123GXL-2.1.4.178/utils/uartstdio.o
LOAD /home/student/eclipse-workspace/Tiva_C_LaunchPad/SW-EK-TM4C123GXL-2.1.4.178/driverlib/gcc/libdriver.a
START GROUP
LOAD /usr/lib/gcc/arm-none-eabi/5.4.1/armv7e-m/fpu/libgcc.a
LOAD /usr/lib/gcc/arm-none-eabi/5.4.1/../../../arm-none-eabi/lib/armv7e-m/fpu/libg.a
LOAD /usr/lib/gcc/arm-none-eabi/5.4.1/../../../arm-none-eabi/lib/armv7e-m/fpu/libc.a
END GROUP
LOAD /usr/lib/gcc/arm-none-eabi/5.4.1/armv7e-m/fpu/crtend.o
LOAD /usr/lib/gcc/arm-none-eabi/5.4.1/armv7e-m/fpu/crtn.o

.text           0x0000000000000000     0x3a58
                0x0000000000000000                _text = .
 *(.isr_vector)
 .isr_vector    0x0000000000000000      0x26c ./src/startup_gcc.o
                0x0000000000000000                g_pfnVectors
 *(.text*)
 .text.GPIO_PortAB_Init
                0x000000000000026c       0xf8 ./src/LCD1602.o
                0x000000000000026c                GPIO_PortAB_Init
 .text.Write_Command
                0x0000000000000364       0x5c ./src/LCD1602.o
                0x0000000000000364                Write_Command
 .text.Write_Data
                0x00000000000003c0       0x50 ./src/LCD1602.o
                0x00000000000003c0                Write_Data
 .text.LCD1602_Init
                0x0000000000000410       0x44 ./src/LCD1602.o
                0x0000000000000410                LCD1602_Init
 .text.LCD1602_DisplayString
                0x0000000000000454       0x28 ./src/LCD1602.o
                0x0000000000000454                LCD1602_DisplayString
 .text.LCD1602_DisplayPosition
                0x000000000000047c       0x24 ./src/LCD1602.o
                0x000000000000047c                LCD1602_DisplayPosition
 .text.PLL_Init80MHZ
                0x00000000000004a0       0x90 ./src/PLL80MHZ.o
                0x00000000000004a0                PLL_Init80MHZ
 .text.SysTick_Init
                0x0000000000000530       0x20 ./src/SYSTICK.o
                0x0000000000000530                SysTick_Init
 .text.SysTick_Delay
                0x0000000000000550       0x3c ./src/SYSTICK.o
                0x0000000000000550                SysTick_Delay
 .text.SysTick_Delay1us
                0x000000000000058c       0x2c ./src/SYSTICK.o
                0x000000000000058c                SysTick_Delay1us
 .text.SysTick_Delay1ms
                0x00000000000005b8       0x30 ./src/SYSTICK.o
                0x00000000000005b8                SysTick_Delay1ms
 .text.Int_Uart
                0x00000000000005e8      0x17c ./src/main.o
                0x00000000000005e8                Int_Uart
 .text.init_UART
                0x0000000000000764       0x90 ./src/main.o
                0x0000000000000764                init_UART
 .text.init_port_C
                0x00000000000007f4       0x60 ./src/main.o
                0x00000000000007f4                init_port_C
 .text.init_port_D
                0x0000000000000854       0x58 ./src/main.o
                0x0000000000000854                init_port_D
 .text.init_port_F
                0x00000000000008ac       0x60 ./src/main.o
                0x00000000000008ac                init_port_F
 .text.lcdReset
                0x000000000000090c       0x48 ./src/main.o
                0x000000000000090c                lcdReset
 .text.lcdYiyecek
                0x0000000000000954       0x38 ./src/main.o
                0x0000000000000954                lcdYiyecek
 .text.lcdKasaGoster
                0x000000000000098c       0xd4 ./src/main.o
                0x000000000000098c                lcdKasaGoster
 .text.lcdPara  0x0000000000000a60       0x38 ./src/main.o
                0x0000000000000a60                lcdPara
 .text.lcdYiyecekOnayi
                0x0000000000000a98       0x40 ./src/main.o
                0x0000000000000a98                lcdYiyecekOnayi
 .text.lcdSuYazdir
                0x0000000000000ad8       0x68 ./src/main.o
                0x0000000000000ad8                lcdSuYazdir
 .text.lcdCikolataYazdir
                0x0000000000000b40       0x68 ./src/main.o
                0x0000000000000b40                lcdCikolataYazdir
 .text.lcdCayYazdir
                0x0000000000000ba8       0x68 ./src/main.o
                0x0000000000000ba8                lcdCayYazdir
 .text.lcdBiskuviYazdir
                0x0000000000000c10       0x68 ./src/main.o
                0x0000000000000c10                lcdBiskuviYazdir
 .text.lcdKahveYazdir
                0x0000000000000c78       0x78 ./src/main.o
                0x0000000000000c78                lcdKahveYazdir
 .text.paraUstuBirTL
                0x0000000000000cf0       0x3c ./src/main.o
                0x0000000000000cf0                paraUstuBirTL
 .text.paraUstu50Kurus
                0x0000000000000d2c       0x4c ./src/main.o
                0x0000000000000d2c                paraUstu50Kurus
 .text.paraUstu25Kurus
                0x0000000000000d78       0x4c ./src/main.o
                0x0000000000000d78                paraUstu25Kurus
 .text.paraUstu1TLYazdir
                0x0000000000000dc4       0x44 ./src/main.o
                0x0000000000000dc4                paraUstu1TLYazdir
 .text.paraUstu50KrsYazdir
                0x0000000000000e08       0x44 ./src/main.o
                0x0000000000000e08                paraUstu50KrsYazdir
 .text.paraUstu25KrsYazdir
                0x0000000000000e4c       0x44 ./src/main.o
                0x0000000000000e4c                paraUstu25KrsYazdir
 .text.floatToString
                0x0000000000000e90      0x10c ./src/main.o
                0x0000000000000e90                floatToString
 .text.yetersizBakiye
                0x0000000000000f9c       0x2c ./src/main.o
                0x0000000000000f9c                yetersizBakiye
 .text.atilanParayiGoster
                0x0000000000000fc8       0xb8 ./src/main.o
                0x0000000000000fc8                atilanParayiGoster
 .text.bekleyinizYesil
                0x0000000000001080       0x2c ./src/main.o
                0x0000000000001080                bekleyinizYesil
 .text.bekleyinizKirmizi
                0x00000000000010ac       0x98 ./src/main.o
                0x00000000000010ac                bekleyinizKirmizi
 .text.gonder25Kurus
                0x0000000000001144      0x108 ./src/main.o
                0x0000000000001144                gonder25Kurus
 .text.gonder50Kurus
                0x000000000000124c      0x114 ./src/main.o
                0x000000000000124c                gonder50Kurus
 .text.gonder1TL
                0x0000000000001360      0x114 ./src/main.o
                0x0000000000001360                gonder1TL
 .text.gonderSu
                0x0000000000001474      0x114 ./src/main.o
                0x0000000000001474                gonderSu
 .text.gonderCay
                0x0000000000001588      0x114 ./src/main.o
                0x0000000000001588                gonderCay
 .text.gonderCikolata
                0x000000000000169c      0x114 ./src/main.o
                0x000000000000169c                gonderCikolata
 .text.gonderBiskuvi
                0x00000000000017b0      0x114 ./src/main.o
                0x00000000000017b0                gonderBiskuvi
 .text.gonderKahve
                0x00000000000018c4      0x114 ./src/main.o
                0x00000000000018c4                gonderKahve
 .text.yetersizStok
                0x00000000000019d8       0x3c ./src/main.o
                0x00000000000019d8                yetersizStok
 .text.alinanYazdir
                0x0000000000001a14       0x50 ./src/main.o
                0x0000000000001a14                alinanYazdir
 .text.main     0x0000000000001a64      0xc44 ./src/main.o
                0x0000000000001a64                main
 .text.ResetISR
                0x00000000000026a8       0x6c ./src/startup_gcc.o
                0x00000000000026a8                ResetISR
 .text.NmiSR    0x0000000000002714        0x8 ./src/startup_gcc.o
 .text.FaultISR
                0x000000000000271c        0x8 ./src/startup_gcc.o
 .text.IntDefaultHandler
                0x0000000000002724        0x8 ./src/startup_gcc.o
 .text.GPIODirModeSet
                0x000000000000272c       0x2e /home/student/eclipse-workspace/Tiva_C_LaunchPad/SW-EK-TM4C123GXL-2.1.4.178/driverlib/gcc/libdriver.a(gpio.o)
                0x000000000000272c                GPIODirModeSet
 .text.GPIOPadConfigSet
                0x000000000000275a      0x130 /home/student/eclipse-workspace/Tiva_C_LaunchPad/SW-EK-TM4C123GXL-2.1.4.178/driverlib/gcc/libdriver.a(gpio.o)
                0x000000000000275a                GPIOPadConfigSet
 .text.GPIOPinTypeUART
                0x000000000000288a       0x1c /home/student/eclipse-workspace/Tiva_C_LaunchPad/SW-EK-TM4C123GXL-2.1.4.178/driverlib/gcc/libdriver.a(gpio.o)
                0x000000000000288a                GPIOPinTypeUART
 *fill*         0x00000000000028a6        0x2 
 .text.GPIOPinConfigure
                0x00000000000028a8       0x4c /home/student/eclipse-workspace/Tiva_C_LaunchPad/SW-EK-TM4C123GXL-2.1.4.178/driverlib/gcc/libdriver.a(gpio.o)
                0x00000000000028a8                GPIOPinConfigure
 .text.IntRegister
                0x00000000000028f4       0x34 /home/student/eclipse-workspace/Tiva_C_LaunchPad/SW-EK-TM4C123GXL-2.1.4.178/driverlib/gcc/libdriver.a(interrupt.o)
                0x00000000000028f4                IntRegister
 .text.IntEnable
                0x0000000000002928       0x60 /home/student/eclipse-workspace/Tiva_C_LaunchPad/SW-EK-TM4C123GXL-2.1.4.178/driverlib/gcc/libdriver.a(interrupt.o)
                0x0000000000002928                IntEnable
 .text.IntDisable
                0x0000000000002988       0x60 /home/student/eclipse-workspace/Tiva_C_LaunchPad/SW-EK-TM4C123GXL-2.1.4.178/driverlib/gcc/libdriver.a(interrupt.o)
                0x0000000000002988                IntDisable
 .text.SysCtlPeripheralEnable
                0x00000000000029e8       0x22 /home/student/eclipse-workspace/Tiva_C_LaunchPad/SW-EK-TM4C123GXL-2.1.4.178/driverlib/gcc/libdriver.a(sysctl.o)
                0x00000000000029e8                SysCtlPeripheralEnable
 .text.SysCtlDelay
                0x0000000000002a0a        0x8 /home/student/eclipse-workspace/Tiva_C_LaunchPad/SW-EK-TM4C123GXL-2.1.4.178/driverlib/gcc/libdriver.a(sysctl.o)
                0x0000000000002a0a                SysCtlDelay
 *fill*         0x0000000000002a12        0x2 
 .text.SysCtlClockSet
                0x0000000000002a14      0x11c /home/student/eclipse-workspace/Tiva_C_LaunchPad/SW-EK-TM4C123GXL-2.1.4.178/driverlib/gcc/libdriver.a(sysctl.o)
                0x0000000000002a14                SysCtlClockSet
 .text._UARTIntNumberGet
                0x0000000000002b30       0x44 /home/student/eclipse-workspace/Tiva_C_LaunchPad/SW-EK-TM4C123GXL-2.1.4.178/driverlib/gcc/libdriver.a(uart.o)
 .text.UARTEnable
                0x0000000000002b74       0x16 /home/student/eclipse-workspace/Tiva_C_LaunchPad/SW-EK-TM4C123GXL-2.1.4.178/driverlib/gcc/libdriver.a(uart.o)
                0x0000000000002b74                UARTEnable
 .text.UARTDisable
                0x0000000000002b8a       0x1c /home/student/eclipse-workspace/Tiva_C_LaunchPad/SW-EK-TM4C123GXL-2.1.4.178/driverlib/gcc/libdriver.a(uart.o)
                0x0000000000002b8a                UARTDisable
 .text.UARTConfigSetExpClk
                0x0000000000002ba6       0x48 /home/student/eclipse-workspace/Tiva_C_LaunchPad/SW-EK-TM4C123GXL-2.1.4.178/driverlib/gcc/libdriver.a(uart.o)
                0x0000000000002ba6                UARTConfigSetExpClk
 .text.UARTFIFODisable
                0x0000000000002bee        0xa /home/student/eclipse-workspace/Tiva_C_LaunchPad/SW-EK-TM4C123GXL-2.1.4.178/driverlib/gcc/libdriver.a(uart.o)
                0x0000000000002bee                UARTFIFODisable
 .text.UARTCharGetNonBlocking
                0x0000000000002bf8        0xe /home/student/eclipse-workspace/Tiva_C_LaunchPad/SW-EK-TM4C123GXL-2.1.4.178/driverlib/gcc/libdriver.a(uart.o)
                0x0000000000002bf8                UARTCharGetNonBlocking
 .text.UARTCharPutNonBlocking
                0x0000000000002c06       0x10 /home/student/eclipse-workspace/Tiva_C_LaunchPad/SW-EK-TM4C123GXL-2.1.4.178/driverlib/gcc/libdriver.a(uart.o)
                0x0000000000002c06                UARTCharPutNonBlocking
 .text.UARTIntRegister
                0x0000000000002c16       0x1a /home/student/eclipse-workspace/Tiva_C_LaunchPad/SW-EK-TM4C123GXL-2.1.4.178/driverlib/gcc/libdriver.a(uart.o)
                0x0000000000002c16                UARTIntRegister
 .text.UARTIntEnable
                0x0000000000002c30        0x8 /home/student/eclipse-workspace/Tiva_C_LaunchPad/SW-EK-TM4C123GXL-2.1.4.178/driverlib/gcc/libdriver.a(uart.o)
                0x0000000000002c30                UARTIntEnable
 .text.UARTIntStatus
                0x0000000000002c38        0xa /home/student/eclipse-workspace/Tiva_C_LaunchPad/SW-EK-TM4C123GXL-2.1.4.178/driverlib/gcc/libdriver.a(uart.o)
                0x0000000000002c38                UARTIntStatus
 .text.UARTIntClear
                0x0000000000002c42        0x4 /home/student/eclipse-workspace/Tiva_C_LaunchPad/SW-EK-TM4C123GXL-2.1.4.178/driverlib/gcc/libdriver.a(uart.o)
                0x0000000000002c42                UARTIntClear
 .text.UARTClockSourceSet
                0x0000000000002c46        0x6 /home/student/eclipse-workspace/Tiva_C_LaunchPad/SW-EK-TM4C123GXL-2.1.4.178/driverlib/gcc/libdriver.a(uart.o)
                0x0000000000002c46                UARTClockSourceSet
 .text          0x0000000000002c4c      0x370 /usr/lib/gcc/arm-none-eabi/5.4.1/armv7e-m/fpu/libgcc.a(_arm_addsubdf3.o)
                0x0000000000002c4c                __aeabi_drsub
                0x0000000000002c54                __aeabi_dsub
                0x0000000000002c54                __subdf3
                0x0000000000002c58                __adddf3
                0x0000000000002c58                __aeabi_dadd
                0x0000000000002ed0                __aeabi_ui2d
                0x0000000000002ed0                __floatunsidf
                0x0000000000002ef0                __floatsidf
                0x0000000000002ef0                __aeabi_i2d
                0x0000000000002f14                __extendsfdf2
                0x0000000000002f14                __aeabi_f2d
                0x0000000000002f50                __aeabi_ul2d
                0x0000000000002f50                __floatundidf
                0x0000000000002f60                __floatdidf
                0x0000000000002f60                __aeabi_l2d
 .text          0x0000000000002fbc      0x424 /usr/lib/gcc/arm-none-eabi/5.4.1/armv7e-m/fpu/libgcc.a(_arm_muldivdf3.o)
                0x0000000000002fbc                __aeabi_dmul
                0x0000000000002fbc                __muldf3
                0x0000000000003210                __aeabi_ddiv
                0x0000000000003210                __divdf3
 .text          0x00000000000033e0      0x110 /usr/lib/gcc/arm-none-eabi/5.4.1/armv7e-m/fpu/libgcc.a(_arm_cmpdf2.o)
                0x00000000000033e0                __gtdf2
                0x00000000000033e0                __gedf2
                0x00000000000033e8                __ltdf2
                0x00000000000033e8                __ledf2
                0x00000000000033f0                __cmpdf2
                0x00000000000033f0                __eqdf2
                0x00000000000033f0                __nedf2
                0x000000000000346c                __aeabi_cdrcmple
                0x000000000000347c                __aeabi_cdcmple
                0x000000000000347c                __aeabi_cdcmpeq
                0x000000000000348c                __aeabi_dcmpeq
                0x00000000000034a0                __aeabi_dcmplt
                0x00000000000034b4                __aeabi_dcmple
                0x00000000000034c8                __aeabi_dcmpge
                0x00000000000034dc                __aeabi_dcmpgt
 .text          0x00000000000034f0       0x50 /usr/lib/gcc/arm-none-eabi/5.4.1/armv7e-m/fpu/libgcc.a(_arm_fixdfsi.o)
                0x00000000000034f0                __fixdfsi
                0x00000000000034f0                __aeabi_d2iz
 .text          0x0000000000003540       0xa0 /usr/lib/gcc/arm-none-eabi/5.4.1/armv7e-m/fpu/libgcc.a(_arm_truncdfsf2.o)
                0x0000000000003540                __aeabi_d2f
                0x0000000000003540                __truncdfsf2
 .text          0x00000000000035e0       0x34 /usr/lib/gcc/arm-none-eabi/5.4.1/../../../arm-none-eabi/lib/armv7e-m/fpu/libg.a(lib_a-itoa.o)
                0x00000000000035e0                __itoa
                0x0000000000003610                itoa
 .text          0x0000000000003614       0x84 /usr/lib/gcc/arm-none-eabi/5.4.1/../../../arm-none-eabi/lib/armv7e-m/fpu/libg.a(lib_a-utoa.o)
                0x0000000000003614                __utoa
                0x0000000000003694                utoa
 *(.rodata*)
 .rodata        0x0000000000003698      0x245 ./src/main.o
 *fill*         0x00000000000038dd        0x3 
 .rodata.g_pui32GPIOBaseAddrs
                0x00000000000038e0       0x90 /home/student/eclipse-workspace/Tiva_C_LaunchPad/SW-EK-TM4C123GXL-2.1.4.178/driverlib/gcc/libdriver.a(gpio.o)
 .rodata.g_pui32Dii16Regs
                0x0000000000003970       0x14 /home/student/eclipse-workspace/Tiva_C_LaunchPad/SW-EK-TM4C123GXL-2.1.4.178/driverlib/gcc/libdriver.a(interrupt.o)
 .rodata.g_pui32EnRegs
                0x0000000000003984       0x14 /home/student/eclipse-workspace/Tiva_C_LaunchPad/SW-EK-TM4C123GXL-2.1.4.178/driverlib/gcc/libdriver.a(interrupt.o)
 .rodata.g_ppui32UARTIntMap
                0x0000000000003998       0x40 /home/student/eclipse-workspace/Tiva_C_LaunchPad/SW-EK-TM4C123GXL-2.1.4.178/driverlib/gcc/libdriver.a(uart.o)
 .rodata.g_ppui32UARTIntMapSnowflake
                0x00000000000039d8       0x40 /home/student/eclipse-workspace/Tiva_C_LaunchPad/SW-EK-TM4C123GXL-2.1.4.178/driverlib/gcc/libdriver.a(uart.o)
 .rodata.str1.4
                0x0000000000003a18       0x28 /usr/lib/gcc/arm-none-eabi/5.4.1/../../../arm-none-eabi/lib/armv7e-m/fpu/libg.a(lib_a-utoa.o)
                                         0x25 (size before relaxing)
 *(.init)
 .init          0x0000000000003a40        0x4 /usr/lib/gcc/arm-none-eabi/5.4.1/armv7e-m/fpu/crti.o
                0x0000000000003a40                _init
 .init          0x0000000000003a44        0x8 /usr/lib/gcc/arm-none-eabi/5.4.1/armv7e-m/fpu/crtn.o
 *(.fini)
 .fini          0x0000000000003a4c        0x4 /usr/lib/gcc/arm-none-eabi/5.4.1/armv7e-m/fpu/crti.o
                0x0000000000003a4c                _fini
 .fini          0x0000000000003a50        0x8 /usr/lib/gcc/arm-none-eabi/5.4.1/armv7e-m/fpu/crtn.o
                0x0000000000003a58                _etext = .

.glue_7         0x0000000000003a58        0x0
 .glue_7        0x0000000000003a58        0x0 linker stubs

.glue_7t        0x0000000000003a58        0x0
 .glue_7t       0x0000000000003a58        0x0 linker stubs

.vfp11_veneer   0x0000000000003a58        0x0
 .vfp11_veneer  0x0000000000003a58        0x0 linker stubs

.v4_bx          0x0000000000003a58        0x0
 .v4_bx         0x0000000000003a58        0x0 linker stubs

.iplt           0x0000000000003a58        0x0
 .iplt          0x0000000000003a58        0x0 /usr/lib/gcc/arm-none-eabi/5.4.1/armv7e-m/fpu/crtbegin.o

.rel.dyn        0x0000000000003a58        0x0
 .rel.iplt      0x0000000000003a58        0x0 /usr/lib/gcc/arm-none-eabi/5.4.1/armv7e-m/fpu/crtbegin.o

.data           0x0000000020000000      0x414 load address 0x0000000000003a58
                0x0000000020000000                _data = .
                0x0000000000003a58                _ldata = LOADADDR (.data)
 *(vtable)
 vtable         0x0000000020000000      0x400 /home/student/eclipse-workspace/Tiva_C_LaunchPad/SW-EK-TM4C123GXL-2.1.4.178/driverlib/gcc/libdriver.a(interrupt.o)
 *(.data*)
 .data.msg1     0x0000000020000400        0xa ./src/main.o
                0x0000000020000400                msg1
 *fill*         0x000000002000040a        0x2 
 .data.msg      0x000000002000040c        0x4 ./src/main.o
                0x000000002000040c                msg
 .data.katSayi  0x0000000020000410        0x4 ./src/main.o
                0x0000000020000410                katSayi
                0x0000000020000414                _edata = .

.igot.plt       0x0000000020000414        0x0 load address 0x0000000000003e6c
 .igot.plt      0x0000000020000414        0x0 /usr/lib/gcc/arm-none-eabi/5.4.1/armv7e-m/fpu/crtbegin.o

.bss            0x0000000020000414      0x134 load address 0x0000000000003e6c
                0x0000000020000414                _bss = .
 *(.bss*)
 .bss.i         0x0000000020000414        0x4 ./src/main.o
                0x0000000020000414                i
 .bss.stokCay   0x0000000020000418        0x4 ./src/main.o
                0x0000000020000418                stokCay
 .bss.stokKahve
                0x000000002000041c        0x4 ./src/main.o
                0x000000002000041c                stokKahve
 .bss.stokBiskuvi
                0x0000000020000420        0x4 ./src/main.o
                0x0000000020000420                stokBiskuvi
 .bss.stokSu    0x0000000020000424        0x4 ./src/main.o
                0x0000000020000424                stokSu
 .bss.stokCikolata
                0x0000000020000428        0x4 ./src/main.o
                0x0000000020000428                stokCikolata
 .bss.pui32Stack
                0x000000002000042c      0x100 ./src/startup_gcc.o
 *(COMMON)
 COMMON         0x000000002000052c       0x1c ./src/main.o
                0x000000002000052c                krs50
                0x0000000020000530                c
                0x000000002000053c                tl1
                0x0000000020000540                krs25
                0x0000000020000544                delay
                0x0000000020000548                _ebss = .
OUTPUT(Tiva_C_LaunchPad.elf elf32-littlearm)

.ARM.attributes
                0x0000000000000000       0x30
 .ARM.attributes
                0x0000000000000000       0x22 /usr/lib/gcc/arm-none-eabi/5.4.1/armv7e-m/fpu/crti.o
 .ARM.attributes
                0x0000000000000022       0x39 ./src/LCD1602.o
 .ARM.attributes
                0x000000000000005b       0x39 ./src/PLL80MHZ.o
 .ARM.attributes
                0x0000000000000094       0x39 ./src/SYSTICK.o
 .ARM.attributes
                0x00000000000000cd       0x39 ./src/main.o
 .ARM.attributes
                0x0000000000000106       0x39 ./src/startup_gcc.o
 .ARM.attributes
                0x000000000000013f       0x3b /home/student/eclipse-workspace/Tiva_C_LaunchPad/SW-EK-TM4C123GXL-2.1.4.178/driverlib/gcc/libdriver.a(gpio.o)
 .ARM.attributes
                0x000000000000017a       0x3b /home/student/eclipse-workspace/Tiva_C_LaunchPad/SW-EK-TM4C123GXL-2.1.4.178/driverlib/gcc/libdriver.a(interrupt.o)
 .ARM.attributes
                0x00000000000001b5       0x3b /home/student/eclipse-workspace/Tiva_C_LaunchPad/SW-EK-TM4C123GXL-2.1.4.178/driverlib/gcc/libdriver.a(sysctl.o)
 .ARM.attributes
                0x00000000000001f0       0x3b /home/student/eclipse-workspace/Tiva_C_LaunchPad/SW-EK-TM4C123GXL-2.1.4.178/driverlib/gcc/libdriver.a(uart.o)
 .ARM.attributes
                0x000000000000022b       0x22 /usr/lib/gcc/arm-none-eabi/5.4.1/armv7e-m/fpu/libgcc.a(_arm_addsubdf3.o)
 .ARM.attributes
                0x000000000000024d       0x22 /usr/lib/gcc/arm-none-eabi/5.4.1/armv7e-m/fpu/libgcc.a(_arm_muldivdf3.o)
 .ARM.attributes
                0x000000000000026f       0x22 /usr/lib/gcc/arm-none-eabi/5.4.1/armv7e-m/fpu/libgcc.a(_arm_cmpdf2.o)
 .ARM.attributes
                0x0000000000000291       0x22 /usr/lib/gcc/arm-none-eabi/5.4.1/armv7e-m/fpu/libgcc.a(_arm_fixdfsi.o)
 .ARM.attributes
                0x00000000000002b3       0x22 /usr/lib/gcc/arm-none-eabi/5.4.1/armv7e-m/fpu/libgcc.a(_arm_truncdfsf2.o)
 .ARM.attributes
                0x00000000000002d5       0x34 /usr/lib/gcc/arm-none-eabi/5.4.1/../../../arm-none-eabi/lib/armv7e-m/fpu/libg.a(lib_a-itoa.o)
 .ARM.attributes
                0x0000000000000309       0x34 /usr/lib/gcc/arm-none-eabi/5.4.1/../../../arm-none-eabi/lib/armv7e-m/fpu/libg.a(lib_a-utoa.o)
 .ARM.attributes
                0x000000000000033d       0x22 /usr/lib/gcc/arm-none-eabi/5.4.1/armv7e-m/fpu/crtn.o

.comment        0x0000000000000000       0x9b
 .comment       0x0000000000000000       0x2b ./src/LCD1602.o
                                         0x2c (size before relaxing)
 .comment       0x000000000000002b       0x2c ./src/PLL80MHZ.o
 .comment       0x000000000000002b       0x2c ./src/SYSTICK.o
 .comment       0x000000000000002b       0x2c ./src/main.o
 .comment       0x000000000000002b       0x2c ./src/startup_gcc.o
 .comment       0x000000000000002b       0x70 /home/student/eclipse-workspace/Tiva_C_LaunchPad/SW-EK-TM4C123GXL-2.1.4.178/driverlib/gcc/libdriver.a(gpio.o)
                                         0x71 (size before relaxing)
 .comment       0x000000000000009b       0x71 /home/student/eclipse-workspace/Tiva_C_LaunchPad/SW-EK-TM4C123GXL-2.1.4.178/driverlib/gcc/libdriver.a(interrupt.o)
 .comment       0x000000000000009b       0x71 /home/student/eclipse-workspace/Tiva_C_LaunchPad/SW-EK-TM4C123GXL-2.1.4.178/driverlib/gcc/libdriver.a(sysctl.o)
 .comment       0x000000000000009b       0x71 /home/student/eclipse-workspace/Tiva_C_LaunchPad/SW-EK-TM4C123GXL-2.1.4.178/driverlib/gcc/libdriver.a(uart.o)
 .comment       0x000000000000009b       0x2c /usr/lib/gcc/arm-none-eabi/5.4.1/../../../arm-none-eabi/lib/armv7e-m/fpu/libg.a(lib_a-itoa.o)
 .comment       0x000000000000009b       0x2c /usr/lib/gcc/arm-none-eabi/5.4.1/../../../arm-none-eabi/lib/armv7e-m/fpu/libg.a(lib_a-utoa.o)

.debug_info     0x0000000000000000     0x1de0
 .debug_info    0x0000000000000000      0x9f8 ./src/LCD1602.o
 .debug_info    0x00000000000009f8       0x97 ./src/PLL80MHZ.o
 .debug_info    0x0000000000000a8f      0x117 ./src/SYSTICK.o
 .debug_info    0x0000000000000ba6      0xa0c ./src/main.o
 .debug_info    0x00000000000015b2      0x172 ./src/startup_gcc.o
 .debug_info    0x0000000000001724       0xc2 /usr/lib/gcc/arm-none-eabi/5.4.1/armv7e-m/fpu/libgcc.a(_arm_addsubdf3.o)
 .debug_info    0x00000000000017e6       0xc2 /usr/lib/gcc/arm-none-eabi/5.4.1/armv7e-m/fpu/libgcc.a(_arm_muldivdf3.o)
 .debug_info    0x00000000000018a8       0xc2 /usr/lib/gcc/arm-none-eabi/5.4.1/armv7e-m/fpu/libgcc.a(_arm_cmpdf2.o)
 .debug_info    0x000000000000196a       0xc2 /usr/lib/gcc/arm-none-eabi/5.4.1/armv7e-m/fpu/libgcc.a(_arm_fixdfsi.o)
 .debug_info    0x0000000000001a2c       0xc2 /usr/lib/gcc/arm-none-eabi/5.4.1/armv7e-m/fpu/libgcc.a(_arm_truncdfsf2.o)
 .debug_info    0x0000000000001aee      0x164 /usr/lib/gcc/arm-none-eabi/5.4.1/../../../arm-none-eabi/lib/armv7e-m/fpu/libg.a(lib_a-itoa.o)
 .debug_info    0x0000000000001c52      0x18e /usr/lib/gcc/arm-none-eabi/5.4.1/../../../arm-none-eabi/lib/armv7e-m/fpu/libg.a(lib_a-utoa.o)

.debug_abbrev   0x0000000000000000      0x7dc
 .debug_abbrev  0x0000000000000000      0x203 ./src/LCD1602.o
 .debug_abbrev  0x0000000000000203       0x52 ./src/PLL80MHZ.o
 .debug_abbrev  0x0000000000000255       0xbc ./src/SYSTICK.o
 .debug_abbrev  0x0000000000000311      0x1ec ./src/main.o
 .debug_abbrev  0x00000000000004fd       0xd3 ./src/startup_gcc.o
 .debug_abbrev  0x00000000000005d0       0x14 /usr/lib/gcc/arm-none-eabi/5.4.1/armv7e-m/fpu/libgcc.a(_arm_addsubdf3.o)
 .debug_abbrev  0x00000000000005e4       0x14 /usr/lib/gcc/arm-none-eabi/5.4.1/armv7e-m/fpu/libgcc.a(_arm_muldivdf3.o)
 .debug_abbrev  0x00000000000005f8       0x14 /usr/lib/gcc/arm-none-eabi/5.4.1/armv7e-m/fpu/libgcc.a(_arm_cmpdf2.o)
 .debug_abbrev  0x000000000000060c       0x14 /usr/lib/gcc/arm-none-eabi/5.4.1/armv7e-m/fpu/libgcc.a(_arm_fixdfsi.o)
 .debug_abbrev  0x0000000000000620       0x14 /usr/lib/gcc/arm-none-eabi/5.4.1/armv7e-m/fpu/libgcc.a(_arm_truncdfsf2.o)
 .debug_abbrev  0x0000000000000634       0xc1 /usr/lib/gcc/arm-none-eabi/5.4.1/../../../arm-none-eabi/lib/armv7e-m/fpu/libg.a(lib_a-itoa.o)
 .debug_abbrev  0x00000000000006f5       0xe7 /usr/lib/gcc/arm-none-eabi/5.4.1/../../../arm-none-eabi/lib/armv7e-m/fpu/libg.a(lib_a-utoa.o)

.debug_aranges  0x0000000000000000      0x328
 .debug_aranges
                0x0000000000000000       0x68 ./src/LCD1602.o
 .debug_aranges
                0x0000000000000068       0x20 ./src/PLL80MHZ.o
 .debug_aranges
                0x0000000000000088       0x38 ./src/SYSTICK.o
 .debug_aranges
                0x00000000000000c0      0x150 ./src/main.o
 .debug_aranges
                0x0000000000000210       0x38 ./src/startup_gcc.o
 .debug_aranges
                0x0000000000000248       0x20 /usr/lib/gcc/arm-none-eabi/5.4.1/armv7e-m/fpu/libgcc.a(_arm_addsubdf3.o)
 .debug_aranges
                0x0000000000000268       0x20 /usr/lib/gcc/arm-none-eabi/5.4.1/armv7e-m/fpu/libgcc.a(_arm_muldivdf3.o)
 .debug_aranges
                0x0000000000000288       0x20 /usr/lib/gcc/arm-none-eabi/5.4.1/armv7e-m/fpu/libgcc.a(_arm_cmpdf2.o)
 .debug_aranges
                0x00000000000002a8       0x20 /usr/lib/gcc/arm-none-eabi/5.4.1/armv7e-m/fpu/libgcc.a(_arm_fixdfsi.o)
 .debug_aranges
                0x00000000000002c8       0x20 /usr/lib/gcc/arm-none-eabi/5.4.1/armv7e-m/fpu/libgcc.a(_arm_truncdfsf2.o)
 .debug_aranges
                0x00000000000002e8       0x20 /usr/lib/gcc/arm-none-eabi/5.4.1/../../../arm-none-eabi/lib/armv7e-m/fpu/libg.a(lib_a-itoa.o)
 .debug_aranges
                0x0000000000000308       0x20 /usr/lib/gcc/arm-none-eabi/5.4.1/../../../arm-none-eabi/lib/armv7e-m/fpu/libg.a(lib_a-utoa.o)

.debug_ranges   0x0000000000000000      0x1f8
 .debug_ranges  0x0000000000000000       0x58 ./src/LCD1602.o
 .debug_ranges  0x0000000000000058       0x10 ./src/PLL80MHZ.o
 .debug_ranges  0x0000000000000068       0x28 ./src/SYSTICK.o
 .debug_ranges  0x0000000000000090      0x140 ./src/main.o
 .debug_ranges  0x00000000000001d0       0x28 ./src/startup_gcc.o

.debug_macro    0x0000000000000000    0x10405
 .debug_macro   0x0000000000000000      0x1c8 ./src/LCD1602.o
 .debug_macro   0x00000000000001c8      0x880 ./src/LCD1602.o
 .debug_macro   0x0000000000000a48       0x22 ./src/LCD1602.o
 .debug_macro   0x0000000000000a6a       0x87 ./src/LCD1602.o
 .debug_macro   0x0000000000000af1       0x44 ./src/LCD1602.o
 .debug_macro   0x0000000000000b35       0xfd ./src/LCD1602.o
 .debug_macro   0x0000000000000c32       0x5e ./src/LCD1602.o
 .debug_macro   0x0000000000000c90      0x1df ./src/LCD1602.o
 .debug_macro   0x0000000000000e6f       0x52 ./src/LCD1602.o
 .debug_macro   0x0000000000000ec1       0x35 ./src/LCD1602.o
 .debug_macro   0x0000000000000ef6       0x9c ./src/LCD1602.o
 .debug_macro   0x0000000000000f92       0x16 ./src/LCD1602.o
 .debug_macro   0x0000000000000fa8       0x97 ./src/LCD1602.o
 .debug_macro   0x000000000000103f      0x30d ./src/LCD1602.o
 .debug_macro   0x000000000000134c       0xfd ./src/LCD1602.o
 .debug_macro   0x0000000000001449       0x10 ./src/LCD1602.o
 .debug_macro   0x0000000000001459       0x52 ./src/LCD1602.o
 .debug_macro   0x00000000000014ab       0x1f ./src/LCD1602.o
 .debug_macro   0x00000000000014ca       0x43 ./src/LCD1602.o
 .debug_macro   0x000000000000150d       0x20 ./src/LCD1602.o
 .debug_macro   0x000000000000152d      0x187 ./src/LCD1602.o
 .debug_macro   0x00000000000016b4       0x10 ./src/LCD1602.o
 .debug_macro   0x00000000000016c4       0x1c ./src/LCD1602.o
 .debug_macro   0x00000000000016e0       0x52 ./src/LCD1602.o
 .debug_macro   0x0000000000001732       0x40 ./src/LCD1602.o
 .debug_macro   0x0000000000001772       0x10 ./src/LCD1602.o
 .debug_macro   0x0000000000001782       0x40 ./src/LCD1602.o
 .debug_macro   0x00000000000017c2       0xd7 ./src/LCD1602.o
 .debug_macro   0x0000000000001899       0x16 ./src/LCD1602.o
 .debug_macro   0x00000000000018af      0x189 ./src/LCD1602.o
 .debug_macro   0x0000000000001a38     0xb522 ./src/LCD1602.o
 .debug_macro   0x000000000000cf5a       0x10 ./src/LCD1602.o
 .debug_macro   0x000000000000cf6a       0x70 ./src/PLL80MHZ.o
 .debug_macro   0x000000000000cfda       0x70 ./src/SYSTICK.o
 .debug_macro   0x000000000000d04a      0x24d ./src/main.o
 .debug_macro   0x000000000000d297       0x16 ./src/main.o
 .debug_macro   0x000000000000d2ad       0x35 ./src/main.o
 .debug_macro   0x000000000000d2e2       0x16 ./src/main.o
 .debug_macro   0x000000000000d2f8       0x29 ./src/main.o
 .debug_macro   0x000000000000d321       0x22 ./src/main.o
 .debug_macro   0x000000000000d343       0x16 ./src/main.o
 .debug_macro   0x000000000000d359      0x25e ./src/main.o
 .debug_macro   0x000000000000d5b7      0x946 ./src/main.o
 .debug_macro   0x000000000000defd      0xa88 ./src/main.o
 .debug_macro   0x000000000000e985      0x101 ./src/main.o
 .debug_macro   0x000000000000ea86      0x17a ./src/main.o
 .debug_macro   0x000000000000ec00       0x10 ./src/main.o
 .debug_macro   0x000000000000ec10      0x3d7 ./src/main.o
 .debug_macro   0x000000000000efe7       0x75 ./src/startup_gcc.o
 .debug_macro   0x000000000000f05c     0x1342 ./src/startup_gcc.o
 .debug_macro   0x000000000001039e       0x67 ./src/startup_gcc.o

.debug_line     0x0000000000000000     0x1a8a
 .debug_line    0x0000000000000000      0x37a ./src/LCD1602.o
 .debug_line    0x000000000000037a      0x1a0 ./src/PLL80MHZ.o
 .debug_line    0x000000000000051a      0x1ea ./src/SYSTICK.o
 .debug_line    0x0000000000000704      0xb12 ./src/main.o
 .debug_line    0x0000000000001216      0x1d8 ./src/startup_gcc.o
 .debug_line    0x00000000000013ee      0x179 /usr/lib/gcc/arm-none-eabi/5.4.1/armv7e-m/fpu/libgcc.a(_arm_addsubdf3.o)
 .debug_line    0x0000000000001567      0x19d /usr/lib/gcc/arm-none-eabi/5.4.1/armv7e-m/fpu/libgcc.a(_arm_muldivdf3.o)
 .debug_line    0x0000000000001704       0xba /usr/lib/gcc/arm-none-eabi/5.4.1/armv7e-m/fpu/libgcc.a(_arm_cmpdf2.o)
 .debug_line    0x00000000000017be       0x7a /usr/lib/gcc/arm-none-eabi/5.4.1/armv7e-m/fpu/libgcc.a(_arm_fixdfsi.o)
 .debug_line    0x0000000000001838       0x8e /usr/lib/gcc/arm-none-eabi/5.4.1/armv7e-m/fpu/libgcc.a(_arm_truncdfsf2.o)
 .debug_line    0x00000000000018c6       0xc6 /usr/lib/gcc/arm-none-eabi/5.4.1/../../../arm-none-eabi/lib/armv7e-m/fpu/libg.a(lib_a-itoa.o)
 .debug_line    0x000000000000198c       0xfe /usr/lib/gcc/arm-none-eabi/5.4.1/../../../arm-none-eabi/lib/armv7e-m/fpu/libg.a(lib_a-utoa.o)

.debug_str      0x0000000000000000    0x49c31
 .debug_str     0x0000000000000000    0x403b0 ./src/LCD1602.o
                                      0x405c4 (size before relaxing)
 .debug_str     0x00000000000403b0       0x20 ./src/PLL80MHZ.o
                                      0x3c5d8 (size before relaxing)
 .debug_str     0x00000000000403d0       0x4e ./src/SYSTICK.o
                                      0x3c60c (size before relaxing)
 .debug_str     0x000000000004041e     0x81f6 ./src/main.o
                                      0x4830b (size before relaxing)
 .debug_str     0x0000000000048614     0x1499 ./src/startup_gcc.o
                                       0x8729 (size before relaxing)
 .debug_str     0x0000000000049aad      0x144 /usr/lib/gcc/arm-none-eabi/5.4.1/../../../arm-none-eabi/lib/armv7e-m/fpu/libg.a(lib_a-itoa.o)
                                        0x1f2 (size before relaxing)
 .debug_str     0x0000000000049bf1       0x40 /usr/lib/gcc/arm-none-eabi/5.4.1/../../../arm-none-eabi/lib/armv7e-m/fpu/libg.a(lib_a-utoa.o)
                                        0x1f5 (size before relaxing)

.debug_frame    0x0000000000000000      0x870
 .debug_frame   0x0000000000000000      0x16c ./src/LCD1602.o
 .debug_frame   0x000000000000016c       0x30 ./src/PLL80MHZ.o
 .debug_frame   0x000000000000019c       0xa0 ./src/SYSTICK.o
 .debug_frame   0x000000000000023c      0x530 ./src/main.o
 .debug_frame   0x000000000000076c       0x7c ./src/startup_gcc.o
 .debug_frame   0x00000000000007e8       0x3c /usr/lib/gcc/arm-none-eabi/5.4.1/../../../arm-none-eabi/lib/armv7e-m/fpu/libg.a(lib_a-itoa.o)
 .debug_frame   0x0000000000000824       0x4c /usr/lib/gcc/arm-none-eabi/5.4.1/../../../arm-none-eabi/lib/armv7e-m/fpu/libg.a(lib_a-utoa.o)

.debug_loc      0x0000000000000000      0x315
 .debug_loc     0x0000000000000000      0x161 /usr/lib/gcc/arm-none-eabi/5.4.1/../../../arm-none-eabi/lib/armv7e-m/fpu/libg.a(lib_a-itoa.o)
 .debug_loc     0x0000000000000161      0x1b4 /usr/lib/gcc/arm-none-eabi/5.4.1/../../../arm-none-eabi/lib/armv7e-m/fpu/libg.a(lib_a-utoa.o)
